Hello, World!Line 2\n